[digitonaut.com/art/fabric_sphere/index.html]
[digitonaut.com/art/falling_light/index.html]
[backblue.gif]
[fade.gif]
[index.html]
[digitonaut.com/art/famous_solid/index.html]
[digitonaut.com/art/far_on_a_planet/index.html]
[digitonaut.com/art/fiddler/index.html]
[digitonaut.com/art/fire_blob/index.html]
[digitonaut.com/art/fireworks/index.html]
[digitonaut.com/art/firefly_flow/index.html]
[digitonaut.com/art/fish_and_current/index.html]
[digitonaut.com/art/five_star/index.html]
[digitonaut.com/art/fizz/index.html]
[digitonaut.com/art/flaming_mandelbulb/index.html]
[digitonaut.com/art/flame_eye/index.html]
[digitonaut.com/art/flamingo/index.html]
[digitonaut.com/art/flight_over_a_terrain/index.html]
[digitonaut.com/art/flight_over_isles/index.html]
[digitonaut.com/art/flocking_with_predator/index.html]
[digitonaut.com/art/flow_of_cells/index.html]
[digitonaut.com/art/fabric_sphere/main.js]
[digitonaut.com/art/fabric_sphere/index.html]
[digitonaut.com/art/flow_of_particules/index.html]
[digitonaut.com/art/flower_in_the_wind/index.html]
[digitonaut.com/art/flower_of_life/index.html]
[digitonaut.com/art/flying_angelcrowd/index.html]
[digitonaut.com/art/falling_light/index.html]
[digitonaut.com/art/falling_light/script.js]
[digitonaut.com/art/flying_car_blues/index.html]
[digitonaut.com/art/flying_flamingo/index.html]
[digitonaut.com/art/flying_group/index.html]
[digitonaut.com/art/flying_over_the_city/index.html]
[digitonaut.com/art/famous_solid/index.html]
[digitonaut.com/art/flying_parrot/index.html]
[digitonaut.com/art/famous_solid/shader-web-background.min.js]
[digitonaut.com/art/flying_stork/index.html]
[digitonaut.com/art/flying_time_machine/index.html]
[digitonaut.com/art/far_on_a_planet/shader-web-background.min.js]
[digitonaut.com/art/fog_mountain/index.html]
[digitonaut.com/art/following_a_shape/index.html]
[digitonaut.com/art/far_on_a_planet/index.html]
[digitonaut.com/art/foo_parbox/index.html]
[digitonaut.com/art/foo_particles/index.html]
[digitonaut.com/art/forever/index.html]
[digitonaut.com/art/fractal_cartoon/index.html]
[digitonaut.com/art/fractal_configurations/index.html]
[digitonaut.com/art/fractal_gaz_79/index.html]
[digitonaut.com/art/fractal_gaz_23/index.html]
[digitonaut.com/art/fractal_bloom/index.html]
[digitonaut.com/art/fractal_gaz_80/index.html]
[digitonaut.com/art/fractal_journey/index.html]
[digitonaut.com/art/fabric_sphere/three.min.js]
[digitonaut.com/art/fractal_land/index.html]
[digitonaut.com/art/fractal_lines_of_symmetry/index.html]
[digitonaut.com/art/fractal_planet/index.html]
[digitonaut.com/art/fractal_pyramid/index.html]
[digitonaut.com/art/fiddler/main.js]
[digitonaut.com/art/fiddler/index.html]
[digitonaut.com/art/fractal_soup/index.html]
[digitonaut.com/art/fractal_speediness/index.html]
[digitonaut.com/art/fractal_sphere/index.html]
[digitonaut.com/art/fractal_thingy/index.html]
[digitonaut.com/art/fractal_traps/index.html]
[digitonaut.com/art/fractal_trees/index.html]
[digitonaut.com/art/fire_blob/prefixfree.min.js]
[digitonaut.com/art/fire_blob/index.html]
[digitonaut.com/art/fire_blob/script.js]
[digitonaut.com/art/fractal_trip/index.html]
[digitonaut.com/art/frozen_wasteland/index.html]
[digitonaut.com/art/funky_perlin/index.html]
[digitonaut.com/art/firefly_flow/index.html]
[digitonaut.com/art/fireworks/index.html]
[digitonaut.com/art/fish_and_current/normalize.min.css]
[digitonaut.com/art/firefly_flow/script.js]
[digitonaut.com/art/fish_and_current/prefixfree.min.js]
[digitonaut.com/art/fiddler/three.min.js]
[digitonaut.com/art/fish_and_current/3_1_1_jquery.min.js]
[digitonaut.com/art/fish_and_current/sketch.min.js]
[digitonaut.com/art/fish_and_current/index.html]
[digitonaut.com/art/fish_and_current/script.js]
[digitonaut.com/art/five_star/normalize.min.css]
[digitonaut.com/art/five_star/index.html]
[digitonaut.com/art/five_star/script.js]
[digitonaut.com/art/fizz/index.html]
[digitonaut.com/art/flame_eye/index.html]
[digitonaut.com/art/fizz/script.js]
[digitonaut.com/art/flame_eye/shader-web-background.min.js]
[digitonaut.com/art/flaming_mandelbulb/index.html]
[digitonaut.com/art/flaming_mandelbulb/main.js]
[digitonaut.com/art/flamingo/index.html]
[digitonaut.com/art/fish_and_current/84_three.min.js]
[digitonaut.com/art/flight_over_a_terrain/main.js]
[digitonaut.com/art/flight_over_a_terrain/index.html]
[digitonaut.com/art/flamingo/bodymovin.js]
[digitonaut.com/art/flight_over_isles/main.js]
[digitonaut.com/art/flight_over_isles/index.html]
[digitonaut.com/art/flaming_mandelbulb/three.min.js]
[digitonaut.com/art/flocking_with_predator/index.html]
[digitonaut.com/art/flow_of_cells/shader-web-background.min.js]
[digitonaut.com/art/flow_of_cells/index.html]
[digitonaut.com/art/flight_over_a_terrain/three.min.js]
[digitonaut.com/art/flocking_with_predator/processing.min.js]
[digitonaut.com/art/flight_over_isles/three.min.js]
[digitonaut.com/art/flow_of_particules/perlin.js]
[digitonaut.com/art/flow_of_particules/index.html]
[digitonaut.com/art/flow_of_particules/script.js]
[digitonaut.com/art/flower_in_the_wind/index.html]
[digitonaut.com/art/flower_in_the_wind/script.js]
[digitonaut.com/art/flower_of_life/index.html]
[digitonaut.com/art/flower_of_life/shader-web-background.min.js]
[digitonaut.com/art/flying_angelcrowd/index.html]
[digitonaut.com/art/flying_angelcrowd/shader-web-background.min.js]
[digitonaut.com/art/flying_car_blues/index.html]
[digitonaut.com/art/flying_flamingo/index.html]
[digitonaut.com/art/flying_group/index.html]
[digitonaut.com/art/flying_car_blues/shader-web-background.min.js]
[digitonaut.com/art/flying_over_the_city/index.html]
[digitonaut.com/art/flying_parrot/index.html]
[digitonaut.com/art/flying_stork/index.html]
[digitonaut.com/art/flying_over_the_city/main.js]
[digitonaut.com/art/flow_of_particules/84_three.min.js]
[digitonaut.com/art/flying_time_machine/index.html]
[digitonaut.com/art/flying_time_machine/main.js]
[digitonaut.com/art/fog_mountain/index.html]
[digitonaut.com/art/fog_mountain/shader-web-background.min.js]
[digitonaut.com/art/following_a_shape/index.html]
[digitonaut.com/art/following_a_shape/shader-web-background.min.js]
[digitonaut.com/art/foo_parbox/normalize.min.css]
[digitonaut.com/art/foo_parbox/index.html]
[digitonaut.com/art/foo_parbox/script.js]
[digitonaut.com/art/foo_particles/normalize.min.css]
[digitonaut.com/art/foo_particles/script.js]
[digitonaut.com/art/foo_particles/index.html]
[digitonaut.com/art/forever/index.html]
[digitonaut.com/art/forever/script.js]
[digitonaut.com/art/fractal_bloom/index.html]
[digitonaut.com/art/fractal_bloom/main.js]
[digitonaut.com/art/flying_over_the_city/three.min.js]
[digitonaut.com/art/fractal_cartoon/main.js]
[digitonaut.com/art/fractal_cartoon/index.html]
[digitonaut.com/art/flying_time_machine/three.min.js]
[digitonaut.com/art/fractal_configurations/main.js]
[digitonaut.com/art/fractal_configurations/index.html]
[digitonaut.com/art/fractal_bloom/three.min.js]
[digitonaut.com/art/fractal_gaz_23/main.js]
[digitonaut.com/art/fractal_gaz_23/index.html]
[digitonaut.com/art/fractal_cartoon/three.min.js]
[digitonaut.com/art/fractal_configurations/three.min.js]
[digitonaut.com/art/fractal_gaz_79/index.html]
[digitonaut.com/art/fractal_gaz_79/main.js]
[digitonaut.com/art/fractal_gaz_23/three.min.js]
[digitonaut.com/art/fractal_gaz_80/index.html]
[digitonaut.com/art/fractal_gaz_80/main.js]
[digitonaut.com/art/fractal_journey/index.html]
[digitonaut.com/art/fractal_journey/shader-web-background.min.js]
[digitonaut.com/art/fractal_land/ichannel0.png]
[digitonaut.com/art/fractal_land/index.html]
[digitonaut.com/art/fractal_gaz_79/three.min.js]
[digitonaut.com/art/fractal_land/shader-web-background.min.js]
[digitonaut.com/art/fractal_lines_of_symmetry/index.html]
[digitonaut.com/art/fractal_lines_of_symmetry/shader-web-background.min.js]
[digitonaut.com/art/fractal_planet/index.html]
[digitonaut.com/art/fractal_planet/script.js]
[digitonaut.com/art/fractal_planet/OrbitControls.js]
[digitonaut.com/art/fractal_pyramid/index.html]
[digitonaut.com/art/fractal_pyramid/shader-web-background.min.js]
[digitonaut.com/art/fractal_soup/shader-web-background.min.js]
[digitonaut.com/art/fractal_gaz_80/three.min.js]
[cdnjs.cloudflare.com/ajax/libs/three.js/92/three.min.js]
[digitonaut.com/art/fractal_soup/ichannel0.png]
[digitonaut.com/art/fractal_soup/index.html]
[digitonaut.com/art/fractal_speediness/index.html]
[digitonaut.com/art/fractal_speediness/script.js]
[digitonaut.com/art/fractal_sphere/index.html]
[digitonaut.com/art/fractal_sphere/shader-web-background.min.js]
[digitonaut.com/art/fractal_thingy/index.html]
[digitonaut.com/art/fractal_thingy/shader-web-background.min.js]
[digitonaut.com/art/fractal_traps/index.html]
[digitonaut.com/art/fractal_traps/shader-web-background.min.js]
[digitonaut.com/art/fractal_trees/index.html]
[digitonaut.com/art/fractal_trees/shader-web-background.min.js]
[digitonaut.com/art/fractal_trip/index.html]
[digitonaut.com/art/fractal_trip/shader-web-background.min.js]
[digitonaut.com/art/frozen_wasteland/shader-web-background.min.js]
[digitonaut.com/art/frozen_wasteland/ichannel0.png]
[digitonaut.com/art/frozen_wasteland/index.html]
[digitonaut.com/art/fractal_speediness/88_three.min.js]
[digitonaut.com/art/funky_perlin/script.js]
[digitonaut.com/art/funky_perlin/index.html]
[digitonaut.com/art/fabric_sphere/main.css]
[digitonaut.com/art/fiddler/main.css]
[digitonaut.com/art/fire_blob/style.css]
[digitonaut.com/art/firefly_flow/style.css]
[digitonaut.com/art/fish_and_current/normalize.min.css]
[digitonaut.com/art/fish_and_current/style.css]
[digitonaut.com/art/fish_and_current/modernizr.min.html]
[digitonaut.com/art/five_star/normalize.min.css]
[digitonaut.com/art/five_star/style.css]
[digitonaut.com/art/fizz/style.css]
[digitonaut.com/art/flaming_mandelbulb/main.css]
[digitonaut.com/art/flight_over_a_terrain/main.css]
[digitonaut.com/art/flight_over_isles/main.css]
[digitonaut.com/art/flow_of_particules/style.css]
[digitonaut.com/art/flower_in_the_wind/style.css]
[digitonaut.com/art/flying_over_the_city/main.css]
[digitonaut.com/art/flying_time_machine/main.css]
[digitonaut.com/art/foo_parbox/normalize.min.css]
[digitonaut.com/art/foo_parbox/style.css]
[digitonaut.com/art/foo_particles/normalize.min.css]
[digitonaut.com/art/foo_particles/style.css]
[digitonaut.com/art/forever/style.css]
[digitonaut.com/art/fractal_bloom/main.css]
[digitonaut.com/art/fractal_cartoon/main.css]
[digitonaut.com/art/fractal_configurations/main.css]
[digitonaut.com/art/fractal_gaz_23/main.css]
[digitonaut.com/art/fractal_gaz_79/main.css]
[digitonaut.com/art/fractal_gaz_80/main.css]
[digitonaut.com/art/fractal_planet/style.css]
[digitonaut.com/art/funky_perlin/three.min.js]
[digitonaut.com/art/fractal_speediness/style.css]
[digitonaut.com/art/funky_perlin/reset.min.css]
[digitonaut.com/art/funky_perlin/style.css]
